// Jest Snapshot v1, https://goo.gl/fbAQLP

exports[`App component renders App 1`] = `
<DocumentFragment>
  <label
    for="search"
  >
    Search Here:
  </label>
  <input
    id="search"
    name="search"
    type="text"
  />
  <ul
    data-testid="articleList"
  >
    <div />
  </ul>
</DocumentFragment>
`;
